test gitlab->git
